<html>
<body>
<pre>
<h1>µVision Build Log</h1>
<h2>Tool Versions:</h2>
IDE-Version: £gVision V5.12.0.0
Copyright (C) 2014 ARM Ltd and ARM Germany GmbH. All rights reserved.
License Information: ethan chu,  , LIC=JL2Z9-4JZPZ-FIC52-9Z718-IAFND-ZWDK1
 
Tool Versions:
Toolchain:       MDK-ARM Standard  Version: 5.12.0.0
Toolchain Path:  C:\Keil_v5\ARM\ARMCC\Bin
C Compiler:      Armcc.exe V5.05 (build 41)
Assembler:       Armasm.exe V5.05 (build 41)
Linker/Locator:  ArmLink.exe V5.05 (build 41)
Library Manager: ArmAr.exe V5.05 (build 41)
Hex Converter:   FromElf.exe V5.05 (build 41)
CPU DLL:         SARMCM3.DLL V5.12.0.0
Dialog DLL:      DCM.DLL V1.13.0.0
    Target DLL: Segger\JL2CM3.dll
Dialog DLL:      TCM.DLL V1.14.2.0
 
<h2>Project:</h2>
\\Mac\Home\STM32\MAD\MDK-ARM\MAD.uvproj
Project File Date:  02/02/2018

<h2>Output:</h2>
Build target 'MAD'
compiling main.c...
linking...
Program Size: Code=27468 RO-data=360 RW-data=1340 ZI-data=2788  
FromELF: creating hex file...
"MAD\MAD.axf" - 0 Error(s), 0 Warning(s).
Clean started: Project: 'MAD'
   deleting intermediate output files for target 'MAD'
</pre>
</body>
</html>
 bsp_rs485.c...
compiling bsp_button.c...
compiling bsp_led.c...
compiling bsp_usart_lcd.c...
compiling tim.c...
compiling stm32f1xx_hal_gpio.c...
compiling stm32f1xx_hal_spi.c...
compiling stm32f1xx_hal_cortex.c...
compiling stm32f1xx_hal_rcc_ex.c...
compiling stm32f1xx_hal.c...
compiling stm32f1xx_hal_adc_ex.c...
compiling stm32f1xx_hal_rcc.c...
compiling stm32f1xx_hal_dma.c...
compiling stm32f1xx_hal_pwr.c...
compiling stm32f1xx_hal_gpio_ex.c...
compiling stm32f1xx_hal_tim_ex.c...
compiling stm32f1xx_hal_flash.c...
compiling stm32f1xx_hal_uart.c...
compiling stm32f1xx_hal_adc.c...
compiling stm32f1xx_hal_spi_ex.c...
compiling stm32f1xx_hal_tim.c...
compiling stm32f1xx_hal_flash_ex.c...
assembling startup_stm32f103xe.s...
linking...
Program Size: Code=27468 RO-data=360 RW-data=1340 ZI-data=2788  
FromELF: creating hex file...
"MAD\MAD.axf" - 0 Error(s), 0 Warning(s).
